     1                                  ; Adunări și scăderi - problema 7
     2                                  ; (c+c+c)-b+(d-a)
     3                                  bits 32 
     4                                  
     5                                  global  start 
     6                                  
     7                                  extern  exit 
     8                                  import  exit msvcrt.dll
     9                                          
    10                                  segment  data use32 class=data 
    11 00000000 0A00                    	a dw 10 ; declar o variabila de tip byte
    12 00000002 0700                    	b dw 7  ; declar o variabila de tip byte
    13 00000004 0800                        c dw 8  ; declar o variabila de tip byte
    14 00000006 0500                        d dw 5  ; declar o variabila de tip byte
    15                                  segment  code use32 class=code
    16                                  start: 
    17                                  
    18 00000000 66A1[04000000]          	MOV AX, [c]; AL = c
    19 00000006 660305[04000000]            ADD AX, [c]; AL = c + c
    20 0000000D 660305[04000000]            ADD AX, [c]; AL = c + c + c
    21 00000014 662B05[02000000]            SUB AX, [b]; AL = (c + c + c) - b
    22                                      
    23 0000001B 668B15[06000000]            MOV DX, [d]; DL = d
    24 00000022 662B15[00000000]            SUB DX, [a]; DL = d - a
    25                                      
    26 00000029 6601D0                      ADD AX,DX ; AX = (c + c + c) - b + (d - a)
    27                                      
    28 0000002C 6A00                    	push   dword 0 
    29 0000002E FF15[00000000]          	call   [exit]
