     1                                  ; Adunări și scăderi - problema 24
     2                                  ; (a-b-b-c)+(a-c-c-d)
     3                                  bits 32 
     4                                  
     5                                  global  start 
     6                                  
     7                                  extern  exit 
     8                                  import  exit msvcrt.dll
     9                                          
    10                                  segment  data use32 class=data 
    11 00000000 0A                      	a db 10 ; declar o variabila de tip byte
    12 00000001 07                      	b db 7  ; declar o variabila de tip byte
    13 00000002 08                          c db 8  ; declar o variabila de tip byte
    14 00000003 05                          d db 5  ; declar o variabila de tip byte
    15                                  segment  code use32 class=code
    16                                  start: 
    17                                  
    18 00000000 A0[00000000]            	MOV AL, BYTE [a]; AL = a
    19 00000005 2A05[01000000]              SUB AL, BYTE [b]; AL = AL - b/ AL = a - b
    20 0000000B 2A05[01000000]              SUB AL, BYTE [b]; AL = a - b - b
    21 00000011 2A05[02000000]              SUB AL, BYTE [c]; AL = a - b - b - c
    22                                      
    23 00000017 8A15[00000000]              MOV DL, BYTE [a]; DL = a
    24 0000001D 2A15[02000000]              SUB DL, [c]     ; DL = a - c
    25 00000023 2A15[02000000]              SUB DL, [c]     ; DL = a - c - c
    26 00000029 2A15[03000000]              SUB DL, [d]     ; DL = a - c - c - d
    27                                      
    28 0000002F 00D0                        ADD AL,DL ; AL = (a - b - b - c) + (a - c - c - d)
    29                                      
    30 00000031 6A00                    	push   dword 0 
    31 00000033 FF15[00000000]          	call   [exit]
